
> volle-lux-catelog@0.1.0 build
> next build

   ▲ Next.js 16.0.0 (Turbopack)
   - Environments: .env.local

   Creating an optimized production build ...
 ✓ Compiled successfully in 15.3s
   Running TypeScript ...
   Collecting page data ...
   Generating static pages (0/78) ...
   Generating static pages (19/78) 
   Generating static pages (38/78) 
   Generating static pages (58/78) 
 ✓ Generating static pages (78/78) in 3.2s
   Finalizing page optimization ...

Route (app)                                         Revalidate  Expire
┌ ○ /                                                       1m      1y
├ ○ /_not-found
├ ○ /about
├ ƒ /account
├ ○ /account/addresses
├ ƒ /account/orders
├ ƒ /account/orders/[id]
├ ○ /account/settings
├ ○ /admin
├ ○ /admin/analytics
├ ○ /admin/customers
├ ƒ /admin/customers/[id]
├ ○ /admin/orders
├ ƒ /admin/orders/[id]
├ ƒ /api/admin/analytics
├ ƒ /api/admin/customers
├ ƒ /api/admin/orders
├ ƒ /api/admin/orders/export
├ ƒ /api/admin/stats
├ ƒ /api/auth/create-profile
├ ƒ /api/checkout
├ ƒ /api/contact
├ ƒ /api/orders/by-session/[sessionId]
├ ƒ /api/products
├ ƒ /api/receipt/[orderId]
├ ƒ /api/revalidate
├ ƒ /api/revalidate/sanity
├ ƒ /api/user/addresses/[userId]
├ ƒ /api/verify-payment/[sessionId]
├ ƒ /api/webhooks/stripe
├ ○ /auth/forgot-password
├ ○ /auth/login
├ ○ /auth/reset-password
├ ○ /auth/signup
├ ○ /cart
├ ○ /categories                                             1m      1y
├ ○ /checkout
├ ○ /checkout/success
├ ○ /contact
├ ○ /faq
├ ○ /privacy
├ ƒ /products
├ ● /products/[slug]                                        5m      1y
│ ├ /products/white-bubble-envelopes-box-of-100             5m      1y
│ ├ /products/white-mailing-bags                            5m      1y
│ ├ /products/foam-packaging-roll-2-5mm-thick-120m          5m      1y
│ └ [+37 more paths]
├ ○ /refund-policy
├ ○ /studio/[[...tool]]
├ ○ /sustainability
└ ○ /terms


ƒ Proxy (Middleware)

○  (Static)   prerendered as static content
●  (SSG)      prerendered as static HTML (uses generateStaticParams)
ƒ  (Dynamic)  server-rendered on demand

